******************************************************************************
                  TI ARM Linker Unix v16.9.3                   
******************************************************************************
>> Linked Tue Nov  7 19:31:20 2017

OUTPUT FILE NAME:   <ESCOOTER2test.out>
ENTRY POINT SYMBOL: "_c_int00"  address: 000014a1


MEMORY CONFIGURATION

         name            origin    length      used     unused   attr    fill
----------------------  --------  ---------  --------  --------  ----  --------
  MAIN                  00000000   00040000  00001636  0003e9ca  R  X
  INFO                  00200000   00004000  00000000  00004000  R  X
  SRAM_CODE             01000000   00010000  00000658  0000f9a8  RW X
  SRAM_DATA             20000000   00010000  00000658  0000f9a8  RW  


SEGMENT ALLOCATION MAP

run origin  load origin   length   init length attrs members
----------  ----------- ---------- ----------- ----- -------
00000000    00000000    00001638   00001638    r-x
  00000000    00000000    000000e4   000000e4    r-- .intvecs
  000000e4    000000e4    0000150a   0000150a    r-x .text
  000015f0    000015f0    00000048   00000048    r-- .cinit
20000000    20000000    00000458   00000000    rw-
  20000000    20000000    00000400   00000000    rw- .sysmem
  20000400    20000400    00000048   00000000    rw- .data
  20000448    20000448    00000010   00000000    rw- .bss
2000fe00    2000fe00    00000200   00000000    rw-
  2000fe00    2000fe00    00000200   00000000    rw- .stack


SECTION ALLOCATION MAP

 output                                  attributes/
section   page    origin      length       input sections
--------  ----  ----------  ----------   ----------------
.intvecs   0    00000000    000000e4     
                  00000000    000000e4     startup_msp432p401r_ccs.obj (.intvecs:retain)

.text      0    000000e4    0000150a     
                  000000e4    00000554     ESCOOTER.obj (.text)
                  00000638    000003d0     rtsv7M4_T_le_v4SPD16_eabi.lib : memory.obj (.text)
                  00000a08    0000032c     system_msp432p401r.obj (.text)
                  00000d34    00000270     ADCescooter.obj (.text)
                  00000fa4    000001a0     CIRCBUFescooter.obj (.text)
                  00001144    0000016c     main.obj (.text)
                  000012b0    0000009c     rtsv7M4_T_le_v4SPD16_eabi.lib : memcpy_t2.obj (.text)
                  0000134c    0000007a                                   : memset_t2.obj (.text)
                  000013c6    00000002                                   : mpu_init.obj (.text)
                  000013c8    00000070                                   : autoinit.obj (.text)
                  00001438    00000068                                   : copy_decompress_lzss.obj (.text:decompress:lzss)
                  000014a0    00000054                                   : boot.obj (.text)
                  000014f4    00000054                                   : exit.obj (.text)
                  00001548    0000004c                                   : cpy_tbl.obj (.text)
                  00001594    00000018                                   : args_main.obj (.text)
                  000015ac    00000014                                   : _lock.obj (.text)
                  000015c0    0000000e                                   : copy_decompress_none.obj (.text:decompress:none)
                  000015ce    0000000e     startup_msp432p401r_ccs.obj (.text)
                  000015dc    0000000c     rtsv7M4_T_le_v4SPD16_eabi.lib : copy_zero_init.obj (.text:decompress:ZI)
                  000015e8    00000004                                   : pre_init.obj (.text)
                  000015ec    00000002                                   : startup.obj (.text)

.cinit     0    000015f0    00000048     
                  000015f0    00000023     (.cinit..data.load) [load image, compression = lzss]
                  00001613    00000001     --HOLE-- [fill = 0]
                  00001614    0000000c     (__TI_handler_table)
                  00001620    00000008     (.cinit..bss.load) [load image, compression = zero_init]
                  00001628    00000010     (__TI_cinit_table)

.init_array 
*          0    00000000    00000000     UNINITIALIZED

.binit     0    00000000    00000000     

.sysmem    0    20000000    00000400     UNINITIALIZED
                  20000000    00000008     rtsv7M4_T_le_v4SPD16_eabi.lib : memory.obj (.sysmem)
                  20000008    000003f8     --HOLE--

.data      0    20000400    00000048     UNINITIALIZED
                  20000400    00000020     main.obj (.data)
                  20000420    0000000c     rtsv7M4_T_le_v4SPD16_eabi.lib : exit.obj (.data:$O1$$)
                  2000042c    0000000c                                   : memory.obj (.data:$O1$$)
                  20000438    00000008                                   : _lock.obj (.data:$O1$$)
                  20000440    00000004                                   : stkdepth_vars.obj (.data)
                  20000444    00000004     system_msp432p401r.obj (.data)

.bss       0    20000448    00000010     UNINITIALIZED
                  20000448    00000008     (.common:charDist)
                  20000450    00000004     (.common:DATA)
                  20000454    00000004     (.common:charVel)

.stack     0    2000fe00    00000200     UNINITIALIZED
                  2000fe00    00000200     --HOLE--

MODULE SUMMARY

       Module                        code   ro data   rw data
       ------                        ----   -------   -------
    ./
       ESCOOTER.obj                  1364   0         0      
       system_msp432p401r.obj        812    0         8      
       ADCescooter.obj               624    0         0      
       main.obj                      364    0         96     
       CIRCBUFescooter.obj           416    0         0      
       startup_msp432p401r_ccs.obj   14     228       0      
    +--+-----------------------------+------+---------+---------+
       Total:                        3594   228       104    
                                                             
    /Applications/ti/ccsv7/tools/compiler/ti-cgt-arm_16.9.3.LTS/lib/rtsv7M4_T_le_v4SPD16_eabi.lib
       memory.obj                    976    0         24     
       memcpy_t2.obj                 156    0         0      
       memset_t2.obj                 122    0         0      
       autoinit.obj                  112    0         0      
       exit.obj                      84     0         24     
       copy_decompress_lzss.obj      104    0         0      
       boot.obj                      84     0         0      
       cpy_tbl.obj                   76     0         0      
       _lock.obj                     20     0         16     
       args_main.obj                 24     0         0      
       copy_decompress_none.obj      14     0         0      
       copy_zero_init.obj            12     0         0      
       stkdepth_vars.obj             0      0         8      
       pre_init.obj                  4      0         0      
       mpu_init.obj                  2      0         0      
       startup.obj                   2      0         0      
    +--+-----------------------------+------+---------+---------+
       Total:                        1792   0         72     
                                                             
       Heap:                         0      0         2048   
       Stack:                        0      0         1024   
       Linker Generated:             0      71        0      
    +--+-----------------------------+------+---------+---------+
       Grand Total:                  5386   299       3248   


LINKER GENERATED COPY TABLES

__TI_cinit_table @ 00001628 records: 2, size/record: 8, table size: 16
	.data: load addr=000015f0, load size=00000023 bytes, run addr=20000400, run size=00000048 bytes, compression=lzss
	.bss: load addr=00001620, load size=00000008 bytes, run addr=20000448, run size=00000010 bytes, compression=zero_init


LINKER GENERATED HANDLER TABLE

__TI_handler_table @ 00001614 records: 3, size/record: 4, table size: 12
	index: 0, handler: __TI_decompress_lzss
	index: 1, handler: __TI_decompress_none
	index: 2, handler: __TI_zero_init


GLOBAL SYMBOLS: SORTED ALPHABETICALLY BY Name 

address   name                           
-------   ----                           
00000d61  ADC14_IRQHandler               
00000d61  ADC14_IRQHandler               
000015db  AES256_IRQHandler              
20000418  Accel                          
000015db  BusFault_Handler               
000014f5  C$$EXIT                        
00001051  CB_add_item_to_buffer          
00000fef  CB_clear_buffer                
00001011  CB_delete_buffer               
00000fa5  CB_initialize_buffer           
0000103b  CB_is_buffer_empty             
0000101f  CB_is_buffer_full              
00001111  CB_remove_item_from_buffer     
000015db  COMP_E0_IRQHandler             
000015db  COMP_E1_IRQHandler             
000015db  CS_IRQHandler                  
0000017b  CalcDist                       
20000450  DATA                           
000015db  DMA_ERR_IRQHandler             
000015db  DMA_INT0_IRQHandler            
000015db  DMA_INT1_IRQHandler            
000015db  DMA_INT2_IRQHandler            
000015db  DMA_INT3_IRQHandler            
000015db  DebugMon_Handler               
000015db  Default_Handler                
0000014f  EUSCIA0_IRQHandler             
0000014f  EUSCIA0_IRQHandler             
000015db  EUSCIA1_IRQHandler             
000015db  EUSCIA2_IRQHandler             
000015db  EUSCIA3_IRQHandler             
000015db  EUSCIB0_IRQHandler             
000015db  EUSCIB1_IRQHandler             
000015db  EUSCIB2_IRQHandler             
000015db  EUSCIB3_IRQHandler             
000015db  FLCTL_IRQHandler               
000015db  FPU_IRQHandler                 
000002a3  GPIO_Configure                 
000015db  HardFault_Handler              
000015db  MemManage_Handler              
000015db  NMI_Handler                    
000015db  PCM_IRQHandler                 
0000033f  PORT1_IRQHandler               
0000033f  PORT1_IRQHandler               
000015db  PORT2_IRQHandler               
000015db  PORT3_IRQHandler               
000015db  PORT4_IRQHandler               
000015db  PORT5_IRQHandler               
000015db  PORT6_IRQHandler               
000015db  PSS_IRQHandler                 
000015db  PendSV_Handler                 
000015db  RTC_C_IRQHandler               
000015cf  Reset_Handler                  
UNDEFED   SHT$$INIT_ARRAY$$Base          
UNDEFED   SHT$$INIT_ARRAY$$Limit         
000015db  SVC_Handler                    
000015db  SysTick_Handler                
20000444  SystemCoreClock                
00000a09  SystemCoreClockUpdate          
00000c7d  SystemInit                     
000015db  T32_INT1_IRQHandler            
000015db  T32_INT2_IRQHandler            
000015db  T32_INTC_IRQHandler            
000015db  TA0_0_IRQHandler               
000015db  TA0_N_IRQHandler               
00000161  TA1_0_IRQHandler               
00000161  TA1_0_IRQHandler               
000015db  TA1_N_IRQHandler               
000015db  TA2_0_IRQHandler               
000015db  TA2_N_IRQHandler               
000015db  TA3_0_IRQHandler               
000015db  TA3_N_IRQHandler               
00000221  UART_Configure                 
0000036f  UART_send_byte                 
0000038b  UART_send_n                    
000015db  UsageFault_Handler             
4000480c  WDTCTL_SYM                     
000015db  WDT_A_IRQHandler               
20000410  X_NADC                         
2000040e  Y_NADC                         
20010000  __STACK_END                    
00000200  __STACK_SIZE                   
00000400  __SYSMEM_SIZE                  
00001628  __TI_CINIT_Base                
00001638  __TI_CINIT_Limit               
00001614  __TI_Handler_Table_Base        
00001620  __TI_Handler_Table_Limit       
000013c9  __TI_auto_init                 
20000420  __TI_cleanup_ptr               
00001439  __TI_decompress_lzss           
000015c1  __TI_decompress_none           
20000424  __TI_dtors_ptr                 
20000428  __TI_enable_exit_profile_output
ffffffff  __TI_pprof_out_hndl            
ffffffff  __TI_prof_data_size            
ffffffff  __TI_prof_data_start           
00000000  __TI_static_base__             
000015dd  __TI_zero_init                 
0000134d  __aeabi_memclr                 
0000134d  __aeabi_memclr4                
0000134d  __aeabi_memclr8                
000012b1  __aeabi_memcpy                 
000012b1  __aeabi_memcpy4                
000012b1  __aeabi_memcpy8                
0000134f  __aeabi_memset                 
0000134f  __aeabi_memset4                
0000134f  __aeabi_memset8                
ffffffff  __binit__                      
ffffffff  __c_args__                     
000013c7  __mpu_init                     
2000fe00  __stack                        
00001595  _args_main                     
000014a1  _c_int00                       
20000438  _lock                          
000015bb  _nop                           
000015b3  _register_lock                 
000015ad  _register_unlock               
20000000  _sys_memory                    
000015ed  _system_post_cinit             
000015e9  _system_pre_init               
2000043c  _unlock                        
000014f9  abort                          
ffffffff  binit                          
000009d9  calloc                         
20000448  charDist                       
20000454  charVel                        
00000329  config_SYSTICK                 
00000e23  configure_ADC_Accelerometer    
00001549  copy_in                        
20000414  distCOUNT                      
20000400  distance                       
20000404  distance2                      
00001501  exit                           
00000723  free                           
000004c1  ftoa                           
000001bd  getSysTime                     
000001cd  getVelocity                    
00000000  interruptVectors               
000005b5  itoa                           
00001145  main                           
20000440  main_func_sp                   
000006b9  malloc                         
000008ed  memalign                       
000012b1  memcpy                         
00001355  memset                         
00000639  minit                          
2000040c  print                          
000007e5  realloc                        
00000425  reverse                        
2000041c  savedir                        
000003cb  timer_a1_config                
20000408  velocity                       


GLOBAL SYMBOLS: SORTED BY Symbol Address 

address   name                           
-------   ----                           
00000000  __TI_static_base__             
00000000  interruptVectors               
0000014f  EUSCIA0_IRQHandler             
0000014f  EUSCIA0_IRQHandler             
00000161  TA1_0_IRQHandler               
00000161  TA1_0_IRQHandler               
0000017b  CalcDist                       
000001bd  getSysTime                     
000001cd  getVelocity                    
00000200  __STACK_SIZE                   
00000221  UART_Configure                 
000002a3  GPIO_Configure                 
00000329  config_SYSTICK                 
0000033f  PORT1_IRQHandler               
0000033f  PORT1_IRQHandler               
0000036f  UART_send_byte                 
0000038b  UART_send_n                    
000003cb  timer_a1_config                
00000400  __SYSMEM_SIZE                  
00000425  reverse                        
000004c1  ftoa                           
000005b5  itoa                           
00000639  minit                          
000006b9  malloc                         
00000723  free                           
000007e5  realloc                        
000008ed  memalign                       
000009d9  calloc                         
00000a09  SystemCoreClockUpdate          
00000c7d  SystemInit                     
00000d61  ADC14_IRQHandler               
00000d61  ADC14_IRQHandler               
00000e23  configure_ADC_Accelerometer    
00000fa5  CB_initialize_buffer           
00000fef  CB_clear_buffer                
00001011  CB_delete_buffer               
0000101f  CB_is_buffer_full              
0000103b  CB_is_buffer_empty             
00001051  CB_add_item_to_buffer          
00001111  CB_remove_item_from_buffer     
00001145  main                           
000012b1  __aeabi_memcpy                 
000012b1  __aeabi_memcpy4                
000012b1  __aeabi_memcpy8                
000012b1  memcpy                         
0000134d  __aeabi_memclr                 
0000134d  __aeabi_memclr4                
0000134d  __aeabi_memclr8                
0000134f  __aeabi_memset                 
0000134f  __aeabi_memset4                
0000134f  __aeabi_memset8                
00001355  memset                         
000013c7  __mpu_init                     
000013c9  __TI_auto_init                 
00001439  __TI_decompress_lzss           
000014a1  _c_int00                       
000014f5  C$$EXIT                        
000014f9  abort                          
00001501  exit                           
00001549  copy_in                        
00001595  _args_main                     
000015ad  _register_unlock               
000015b3  _register_lock                 
000015bb  _nop                           
000015c1  __TI_decompress_none           
000015cf  Reset_Handler                  
000015db  AES256_IRQHandler              
000015db  BusFault_Handler               
000015db  COMP_E0_IRQHandler             
000015db  COMP_E1_IRQHandler             
000015db  CS_IRQHandler                  
000015db  DMA_ERR_IRQHandler             
000015db  DMA_INT0_IRQHandler            
000015db  DMA_INT1_IRQHandler            
000015db  DMA_INT2_IRQHandler            
000015db  DMA_INT3_IRQHandler            
000015db  DebugMon_Handler               
000015db  Default_Handler                
000015db  EUSCIA1_IRQHandler             
000015db  EUSCIA2_IRQHandler             
000015db  EUSCIA3_IRQHandler             
000015db  EUSCIB0_IRQHandler             
000015db  EUSCIB1_IRQHandler             
000015db  EUSCIB2_IRQHandler             
000015db  EUSCIB3_IRQHandler             
000015db  FLCTL_IRQHandler               
000015db  FPU_IRQHandler                 
000015db  HardFault_Handler              
000015db  MemManage_Handler              
000015db  NMI_Handler                    
000015db  PCM_IRQHandler                 
000015db  PORT2_IRQHandler               
000015db  PORT3_IRQHandler               
000015db  PORT4_IRQHandler               
000015db  PORT5_IRQHandler               
000015db  PORT6_IRQHandler               
000015db  PSS_IRQHandler                 
000015db  PendSV_Handler                 
000015db  RTC_C_IRQHandler               
000015db  SVC_Handler                    
000015db  SysTick_Handler                
000015db  T32_INT1_IRQHandler            
000015db  T32_INT2_IRQHandler            
000015db  T32_INTC_IRQHandler            
000015db  TA0_0_IRQHandler               
000015db  TA0_N_IRQHandler               
000015db  TA1_N_IRQHandler               
000015db  TA2_0_IRQHandler               
000015db  TA2_N_IRQHandler               
000015db  TA3_0_IRQHandler               
000015db  TA3_N_IRQHandler               
000015db  UsageFault_Handler             
000015db  WDT_A_IRQHandler               
000015dd  __TI_zero_init                 
000015e9  _system_pre_init               
000015ed  _system_post_cinit             
00001614  __TI_Handler_Table_Base        
00001620  __TI_Handler_Table_Limit       
00001628  __TI_CINIT_Base                
00001638  __TI_CINIT_Limit               
20000000  _sys_memory                    
20000400  distance                       
20000404  distance2                      
20000408  velocity                       
2000040c  print                          
2000040e  Y_NADC                         
20000410  X_NADC                         
20000414  distCOUNT                      
20000418  Accel                          
2000041c  savedir                        
20000420  __TI_cleanup_ptr               
20000424  __TI_dtors_ptr                 
20000428  __TI_enable_exit_profile_output
20000438  _lock                          
2000043c  _unlock                        
20000440  main_func_sp                   
20000444  SystemCoreClock                
20000448  charDist                       
20000450  DATA                           
20000454  charVel                        
2000fe00  __stack                        
20010000  __STACK_END                    
4000480c  WDTCTL_SYM                     
ffffffff  __TI_pprof_out_hndl            
ffffffff  __TI_prof_data_size            
ffffffff  __TI_prof_data_start           
ffffffff  __binit__                      
ffffffff  __c_args__                     
ffffffff  binit                          
UNDEFED   SHT$$INIT_ARRAY$$Base          
UNDEFED   SHT$$INIT_ARRAY$$Limit         

[151 symbols]
