******************************************************************************
                  TI ARM Linker Unix v16.9.3                   
******************************************************************************
>> Linked Sun Nov  5 02:09:19 2017

OUTPUT FILE NAME:   <Lab2n.out>
ENTRY POINT SYMBOL: "_c_int00"  address: 00000755


MEMORY CONFIGURATION

         name            origin    length      used     unused   attr    fill
----------------------  --------  ---------  --------  --------  ----  --------
  MAIN                  00000000   00040000  000008fa  0003f706  R  X
  INFO                  00200000   00004000  00000000  00004000  R  X
  SRAM_CODE             01000000   00010000  00000228  0000fdd8  RW X
  SRAM_DATA             20000000   00010000  00000228  0000fdd8  RW  


SEGMENT ALLOCATION MAP

run origin  load origin   length   init length attrs members
----------  ----------- ---------- ----------- ----- -------
00000000    00000000    00000900   00000900    r-x
  00000000    00000000    000000e4   000000e4    r-- .intvecs
  000000e4    000000e4    000007d6   000007d6    r-x .text
  000008c0    000008c0    00000040   00000040    r-- .cinit
20000000    20000000    00000028   00000000    rw-
  20000000    20000000    00000024   00000000    rw- .data
  20000024    20000024    00000004   00000000    rw- .bss
2000fe00    2000fe00    00000200   00000000    rw-
  2000fe00    2000fe00    00000200   00000000    rw- .stack


SECTION ALLOCATION MAP

 output                                  attributes/
section   page    origin      length       input sections
--------  ----  ----------  ----------   ----------------
.intvecs   0    00000000    000000e4     
                  00000000    000000e4     startup_msp432p401r_ccs.obj (.intvecs:retain)

.text      0    000000e4    000007d6     
                  000000e4    0000032c     system_msp432p401r.obj (.text)
                  00000410    00000154     port.obj (.text)
                  00000564    0000009c     rtsv7M4_T_le_v4SPD16_eabi.lib : memcpy_t2.obj (.text)
                  00000600    0000007a                                   : memset_t2.obj (.text)
                  0000067a    00000002                                   : mpu_init.obj (.text)
                  0000067c    00000070                                   : autoinit.obj (.text)
                  000006ec    00000068                                   : copy_decompress_lzss.obj (.text:decompress:lzss)
                  00000754    00000054                                   : boot.obj (.text)
                  000007a8    00000054                                   : exit.obj (.text)
                  000007fc    0000004c                                   : cpy_tbl.obj (.text)
                  00000848    00000018     main.obj (.text)
                  00000860    00000018     rtsv7M4_T_le_v4SPD16_eabi.lib : args_main.obj (.text)
                  00000878    00000014                                   : _lock.obj (.text)
                  0000088c    0000000e                                   : copy_decompress_none.obj (.text:decompress:none)
                  0000089a    0000000e     startup_msp432p401r_ccs.obj (.text)
                  000008a8    0000000c     rtsv7M4_T_le_v4SPD16_eabi.lib : copy_zero_init.obj (.text:decompress:ZI)
                  000008b4    00000004                                   : pre_init.obj (.text)
                  000008b8    00000002                                   : startup.obj (.text)

.cinit     0    000008c0    00000040     
                  000008c0    00000015     (.cinit..data.load) [load image, compression = lzss]
                  000008d5    00000003     --HOLE-- [fill = 0]
                  000008d8    0000000c     (__TI_handler_table)
                  000008e4    00000004     --HOLE-- [fill = 0]
                  000008e8    00000008     (.cinit..bss.load) [load image, compression = zero_init]
                  000008f0    00000010     (__TI_cinit_table)

.init_array 
*          0    00000000    00000000     UNINITIALIZED

.binit     0    00000000    00000000     

.data      0    20000000    00000024     UNINITIALIZED
                  20000000    0000000c     rtsv7M4_T_le_v4SPD16_eabi.lib : exit.obj (.data:$O1$$)
                  2000000c    00000008                                   : _lock.obj (.data:$O1$$)
                  20000014    00000008     main.obj (.data)
                  2000001c    00000004     rtsv7M4_T_le_v4SPD16_eabi.lib : stkdepth_vars.obj (.data)
                  20000020    00000004     system_msp432p401r.obj (.data)

.bss       0    20000024    00000004     UNINITIALIZED
                  20000024    00000004     (.common:dist2)

.stack     0    2000fe00    00000200     UNINITIALIZED
                  2000fe00    00000200     --HOLE--

MODULE SUMMARY

       Module                        code   ro data   rw data
       ------                        ----   -------   -------
    ./
       system_msp432p401r.obj        812    0         8      
       port.obj                      340    0         8      
       startup_msp432p401r_ccs.obj   14     228       0      
       main.obj                      24     0         16     
    +--+-----------------------------+------+---------+---------+
       Total:                        1190   228       32     
                                                             
    /Applications/ti/ccsv7/tools/compiler/ti-cgt-arm_16.9.3.LTS/lib/rtsv7M4_T_le_v4SPD16_eabi.lib
       memcpy_t2.obj                 156    0         0      
       memset_t2.obj                 122    0         0      
       autoinit.obj                  112    0         0      
       exit.obj                      84     0         24     
       copy_decompress_lzss.obj      104    0         0      
       boot.obj                      84     0         0      
       cpy_tbl.obj                   76     0         0      
       _lock.obj                     20     0         16     
       args_main.obj                 24     0         0      
       copy_decompress_none.obj      14     0         0      
       copy_zero_init.obj            12     0         0      
       stkdepth_vars.obj             0      0         8      
       pre_init.obj                  4      0         0      
       mpu_init.obj                  2      0         0      
       startup.obj                   2      0         0      
    +--+-----------------------------+------+---------+---------+
       Total:                        816    0         48     
                                                             
       Stack:                        0      0         1024   
       Linker Generated:             0      57        0      
    +--+-----------------------------+------+---------+---------+
       Grand Total:                  2006   285       1104   


LINKER GENERATED COPY TABLES

__TI_cinit_table @ 000008f0 records: 2, size/record: 8, table size: 16
	.data: load addr=000008c0, load size=00000015 bytes, run addr=20000000, run size=00000024 bytes, compression=lzss
	.bss: load addr=000008e8, load size=00000008 bytes, run addr=20000024, run size=00000004 bytes, compression=zero_init


LINKER GENERATED HANDLER TABLE

__TI_handler_table @ 000008d8 records: 3, size/record: 4, table size: 12
	index: 0, handler: __TI_decompress_lzss
	index: 1, handler: __TI_decompress_none
	index: 2, handler: __TI_zero_init


GLOBAL SYMBOLS: SORTED ALPHABETICALLY BY Name 

address   name                           
-------   ----                           
000008a7  ADC14_IRQHandler               
000008a7  AES256_IRQHandler              
000008a7  BusFault_Handler               
000007a9  C$$EXIT                        
000008a7  COMP_E0_IRQHandler             
000008a7  COMP_E1_IRQHandler             
000008a7  CS_IRQHandler                  
0000043d  CalcDist                       
000008a7  DMA_ERR_IRQHandler             
000008a7  DMA_INT0_IRQHandler            
000008a7  DMA_INT1_IRQHandler            
000008a7  DMA_INT2_IRQHandler            
000008a7  DMA_INT3_IRQHandler            
000008a7  DebugMon_Handler               
000008a7  Default_Handler                
000008a7  EUSCIA0_IRQHandler             
000008a7  EUSCIA1_IRQHandler             
000008a7  EUSCIA2_IRQHandler             
000008a7  EUSCIA3_IRQHandler             
000008a7  EUSCIB0_IRQHandler             
000008a7  EUSCIB1_IRQHandler             
000008a7  EUSCIB2_IRQHandler             
000008a7  EUSCIB3_IRQHandler             
000008a7  FLCTL_IRQHandler               
000008a7  FPU_IRQHandler                 
000004bb  GPIO_configure                 
000008a7  HardFault_Handler              
000008a7  MemManage_Handler              
000008a7  NMI_Handler                    
000008a7  PCM_IRQHandler                 
0000047f  PORT1_IRQHandler               
0000047f  PORT1_IRQHandler               
000008a7  PORT2_IRQHandler               
000008a7  PORT3_IRQHandler               
000008a7  PORT4_IRQHandler               
000008a7  PORT5_IRQHandler               
000008a7  PORT6_IRQHandler               
000008a7  PSS_IRQHandler                 
000008a7  PendSV_Handler                 
000008a7  RTC_C_IRQHandler               
0000089b  Reset_Handler                  
UNDEFED   SHT$$INIT_ARRAY$$Base          
UNDEFED   SHT$$INIT_ARRAY$$Limit         
000008a7  SVC_Handler                    
000008a7  SysTick_Handler                
20000020  SystemCoreClock                
000000e5  SystemCoreClockUpdate          
00000359  SystemInit                     
000008a7  T32_INT1_IRQHandler            
000008a7  T32_INT2_IRQHandler            
000008a7  T32_INTC_IRQHandler            
000008a7  TA0_0_IRQHandler               
000008a7  TA0_N_IRQHandler               
000008a7  TA1_0_IRQHandler               
000008a7  TA1_N_IRQHandler               
000008a7  TA2_0_IRQHandler               
000008a7  TA2_N_IRQHandler               
000008a7  TA3_0_IRQHandler               
000008a7  TA3_N_IRQHandler               
000008a7  UsageFault_Handler             
4000480c  WDTCTL_SYM                     
000008a7  WDT_A_IRQHandler               
20010000  __STACK_END                    
00000200  __STACK_SIZE                   
000008f0  __TI_CINIT_Base                
00000900  __TI_CINIT_Limit               
000008d8  __TI_Handler_Table_Base        
000008e4  __TI_Handler_Table_Limit       
0000067d  __TI_auto_init                 
20000000  __TI_cleanup_ptr               
000006ed  __TI_decompress_lzss           
0000088d  __TI_decompress_none           
20000004  __TI_dtors_ptr                 
20000008  __TI_enable_exit_profile_output
ffffffff  __TI_pprof_out_hndl            
ffffffff  __TI_prof_data_size            
ffffffff  __TI_prof_data_start           
00000000  __TI_static_base__             
000008a9  __TI_zero_init                 
00000601  __aeabi_memclr                 
00000601  __aeabi_memclr4                
00000601  __aeabi_memclr8                
00000565  __aeabi_memcpy                 
00000565  __aeabi_memcpy4                
00000565  __aeabi_memcpy8                
00000603  __aeabi_memset                 
00000603  __aeabi_memset4                
00000603  __aeabi_memset8                
ffffffff  __binit__                      
ffffffff  __c_args__                     
0000067b  __mpu_init                     
2000fe00  __stack                        
00000861  _args_main                     
00000755  _c_int00                       
2000000c  _lock                          
00000887  _nop                           
0000087f  _register_lock                 
00000879  _register_unlock               
000008b9  _system_post_cinit             
000008b5  _system_pre_init               
20000010  _unlock                        
000007ad  abort                          
ffffffff  binit                          
000007fd  copy_in                        
20000014  countWAVE                      
20000024  dist2                          
20000018  distCOUNT                      
000007b5  exit                           
00000000  interruptVectors               
00000849  main                           
2000001c  main_func_sp                   
00000565  memcpy                         
00000609  memset                         


GLOBAL SYMBOLS: SORTED BY Symbol Address 

address   name                           
-------   ----                           
00000000  __TI_static_base__             
00000000  interruptVectors               
000000e5  SystemCoreClockUpdate          
00000200  __STACK_SIZE                   
00000359  SystemInit                     
0000043d  CalcDist                       
0000047f  PORT1_IRQHandler               
0000047f  PORT1_IRQHandler               
000004bb  GPIO_configure                 
00000565  __aeabi_memcpy                 
00000565  __aeabi_memcpy4                
00000565  __aeabi_memcpy8                
00000565  memcpy                         
00000601  __aeabi_memclr                 
00000601  __aeabi_memclr4                
00000601  __aeabi_memclr8                
00000603  __aeabi_memset                 
00000603  __aeabi_memset4                
00000603  __aeabi_memset8                
00000609  memset                         
0000067b  __mpu_init                     
0000067d  __TI_auto_init                 
000006ed  __TI_decompress_lzss           
00000755  _c_int00                       
000007a9  C$$EXIT                        
000007ad  abort                          
000007b5  exit                           
000007fd  copy_in                        
00000849  main                           
00000861  _args_main                     
00000879  _register_unlock               
0000087f  _register_lock                 
00000887  _nop                           
0000088d  __TI_decompress_none           
0000089b  Reset_Handler                  
000008a7  ADC14_IRQHandler               
000008a7  AES256_IRQHandler              
000008a7  BusFault_Handler               
000008a7  COMP_E0_IRQHandler             
000008a7  COMP_E1_IRQHandler             
000008a7  CS_IRQHandler                  
000008a7  DMA_ERR_IRQHandler             
000008a7  DMA_INT0_IRQHandler            
000008a7  DMA_INT1_IRQHandler            
000008a7  DMA_INT2_IRQHandler            
000008a7  DMA_INT3_IRQHandler            
000008a7  DebugMon_Handler               
000008a7  Default_Handler                
000008a7  EUSCIA0_IRQHandler             
000008a7  EUSCIA1_IRQHandler             
000008a7  EUSCIA2_IRQHandler             
000008a7  EUSCIA3_IRQHandler             
000008a7  EUSCIB0_IRQHandler             
000008a7  EUSCIB1_IRQHandler             
000008a7  EUSCIB2_IRQHandler             
000008a7  EUSCIB3_IRQHandler             
000008a7  FLCTL_IRQHandler               
000008a7  FPU_IRQHandler                 
000008a7  HardFault_Handler              
000008a7  MemManage_Handler              
000008a7  NMI_Handler                    
000008a7  PCM_IRQHandler                 
000008a7  PORT2_IRQHandler               
000008a7  PORT3_IRQHandler               
000008a7  PORT4_IRQHandler               
000008a7  PORT5_IRQHandler               
000008a7  PORT6_IRQHandler               
000008a7  PSS_IRQHandler                 
000008a7  PendSV_Handler                 
000008a7  RTC_C_IRQHandler               
000008a7  SVC_Handler                    
000008a7  SysTick_Handler                
000008a7  T32_INT1_IRQHandler            
000008a7  T32_INT2_IRQHandler            
000008a7  T32_INTC_IRQHandler            
000008a7  TA0_0_IRQHandler               
000008a7  TA0_N_IRQHandler               
000008a7  TA1_0_IRQHandler               
000008a7  TA1_N_IRQHandler               
000008a7  TA2_0_IRQHandler               
000008a7  TA2_N_IRQHandler               
000008a7  TA3_0_IRQHandler               
000008a7  TA3_N_IRQHandler               
000008a7  UsageFault_Handler             
000008a7  WDT_A_IRQHandler               
000008a9  __TI_zero_init                 
000008b5  _system_pre_init               
000008b9  _system_post_cinit             
000008d8  __TI_Handler_Table_Base        
000008e4  __TI_Handler_Table_Limit       
000008f0  __TI_CINIT_Base                
00000900  __TI_CINIT_Limit               
20000000  __TI_cleanup_ptr               
20000004  __TI_dtors_ptr                 
20000008  __TI_enable_exit_profile_output
2000000c  _lock                          
20000010  _unlock                        
20000014  countWAVE                      
20000018  distCOUNT                      
2000001c  main_func_sp                   
20000020  SystemCoreClock                
20000024  dist2                          
2000fe00  __stack                        
20010000  __STACK_END                    
4000480c  WDTCTL_SYM                     
ffffffff  __TI_pprof_out_hndl            
ffffffff  __TI_prof_data_size            
ffffffff  __TI_prof_data_start           
ffffffff  __binit__                      
ffffffff  __c_args__                     
ffffffff  binit                          
UNDEFED   SHT$$INIT_ARRAY$$Base          
UNDEFED   SHT$$INIT_ARRAY$$Limit         

[113 symbols]
