******************************************************************************
                  TI ARM Linker Unix v16.9.3                   
******************************************************************************
>> Linked Tue Nov  7 02:16:28 2017

OUTPUT FILE NAME:   <Lab4.out>
ENTRY POINT SYMBOL: "_c_int00"  address: 00001e01


MEMORY CONFIGURATION

         name            origin    length      used     unused   attr    fill
----------------------  --------  ---------  --------  --------  ----  --------
  MAIN                  00000000   00040000  00002046  0003dfba  R  X
  INFO                  00200000   00004000  00000000  00004000  R  X
  SRAM_CODE             01000000   00010000  00000230  0000fdd0  RW X
  SRAM_DATA             20000000   00010000  00000230  0000fdd0  RW  


SEGMENT ALLOCATION MAP

run origin  load origin   length   init length attrs members
----------  ----------- ---------- ----------- ----- -------
00000000    00000000    00002048   00002048    r-x
  00000000    00000000    000000e4   000000e4    r-- .intvecs
  000000e4    000000e4    00001eec   00001eec    r-x .text
  00001fd0    00001fd0    0000004e   0000004e    r-- .const
  00002020    00002020    00000028   00000028    r-- .cinit
20000000    20000000    00000030   00000000    rw-
  20000000    20000000    00000030   00000000    rw- .data
2000fe00    2000fe00    00000200   00000000    rw-
  2000fe00    2000fe00    00000200   00000000    rw- .stack


SECTION ALLOCATION MAP

 output                                  attributes/
section   page    origin      length       input sections
--------  ----  ----------  ----------   ----------------
.intvecs   0    00000000    000000e4     
                  00000000    000000e4     startup_msp432p401r_ccs.obj (.intvecs:retain)

.text      0    000000e4    00001eec     
                  000000e4    000009ac     rtsv7M4_T_le_v4SPD16_eabi.lib : e_pow.obj (.text)
                  00000a90    00000330     lab4.obj (.text)
                  00000dc0    0000032c     system_msp432p401r.obj (.text)
                  000010ec    000002c4     adc.obj (.text)
                  000013b0    000001b6     rtsv7M4_T_le_v4SPD16_eabi.lib : fd_add_t2.obj (.text)
                  00001566    00000002                                   : mpu_init.obj (.text)
                  00001568    00000170                                   : e_sqrt.obj (.text)
                  000016d8    00000136                                   : fd_div_t2.obj (.text)
                  0000180e    00000002                                   : startup.obj (.text)
                  00001810    00000108     main.obj (.text)
                  00001918    000000fc     rtsv7M4_T_le_v4SPD16_eabi.lib : fd_mul_t2.obj (.text)
                  00001a14    000000fc                                   : s_scalbn.obj (.text)
                  00001b10    0000009c                                   : memcpy_t2.obj (.text)
                  00001bac    00000086                                   : fd_cmp_t2.obj (.text:__aeabi_cdcmple)
                  00001c32    00000086                                   : fd_cmp_t2.obj (.text:__aeabi_cdrcmple)
                  00001cb8    00000070                                   : autoinit.obj (.text)
                  00001d28    0000006e                                   : fd_tos_t2.obj (.text)
                  00001d96    00000068                                   : copy_decompress_lzss.obj (.text:decompress:lzss)
                  00001dfe    00000002     --HOLE-- [fill = 0]
                  00001e00    00000054                                   : boot.obj (.text)
                  00001e54    00000054                                   : exit.obj (.text)
                  00001ea8    0000004c                                   : cpy_tbl.obj (.text)
                  00001ef4    00000038                                   : fs_tod_t2.obj (.text)
                  00001f2c    0000002e                                   : i_tofd_t2.obj (.text)
                  00001f5a    00000002     --HOLE-- [fill = 0]
                  00001f5c    00000018                                   : args_main.obj (.text)
                  00001f74    00000014                                   : _lock.obj (.text)
                  00001f88    00000014                                   : s_copysign.obj (.text)
                  00001f9c    00000014                                   : strlen.obj (.text)
                  00001fb0    0000000e                                   : copy_decompress_none.obj (.text:decompress:none)
                  00001fbe    0000000e     startup_msp432p401r_ccs.obj (.text)
                  00001fcc    00000004     rtsv7M4_T_le_v4SPD16_eabi.lib : pre_init.obj (.text)

.const     0    00001fd0    0000004e     
                  00001fd0    00000030     rtsv7M4_T_le_v4SPD16_eabi.lib : e_pow.obj (.const:$O1$$)
                  00002000    0000000a     main.obj (.const:.string:$P$T0$1)
                  0000200a    0000000a     main.obj (.const:.string:$P$T1$2)
                  00002014    0000000a     main.obj (.const:.string:$P$T2$3)

.cinit     0    00002020    00000028     
                  00002020    00000016     (.cinit..data.load) [load image, compression = lzss]
                  00002036    00000002     --HOLE-- [fill = 0]
                  00002038    00000008     (__TI_handler_table)
                  00002040    00000008     (__TI_cinit_table)

.init_array 
*          0    00000000    00000000     UNINITIALIZED

.binit     0    00000000    00000000     

.data      0    20000000    00000030     UNINITIALIZED
                  20000000    00000010     main.obj (.data)
                  20000010    0000000c     rtsv7M4_T_le_v4SPD16_eabi.lib : exit.obj (.data:$O1$$)
                  2000001c    00000008                                   : _lock.obj (.data:$O1$$)
                  20000024    00000004                                   : errno.obj (.data)
                  20000028    00000004                                   : stkdepth_vars.obj (.data)
                  2000002c    00000004     system_msp432p401r.obj (.data)

.stack     0    2000fe00    00000200     UNINITIALIZED
                  2000fe00    00000200     --HOLE--

MODULE SUMMARY

       Module                        code   ro data   rw data
       ------                        ----   -------   -------
    ./
       system_msp432p401r.obj        812    0         8      
       lab4.obj                      816    0         0      
       adc.obj                       708    0         0      
       main.obj                      264    30        32     
       startup_msp432p401r_ccs.obj   14     228       0      
    +--+-----------------------------+------+---------+---------+
       Total:                        2614   258       40     
                                                             
    /Applications/ti/ccsv7/tools/compiler/ti-cgt-arm_16.9.3.LTS/lib/rtsv7M4_T_le_v4SPD16_eabi.lib
       e_pow.obj                     2476   48        0      
       fd_add_t2.obj                 438    0         0      
       e_sqrt.obj                    368    0         0      
       fd_div_t2.obj                 310    0         0      
       fd_cmp_t2.obj                 268    0         0      
       fd_mul_t2.obj                 252    0         0      
       s_scalbn.obj                  252    0         0      
       memcpy_t2.obj                 156    0         0      
       autoinit.obj                  112    0         0      
       fd_tos_t2.obj                 110    0         0      
       exit.obj                      84     0         24     
       copy_decompress_lzss.obj      104    0         0      
       boot.obj                      84     0         0      
       cpy_tbl.obj                   76     0         0      
       fs_tod_t2.obj                 56     0         0      
       i_tofd_t2.obj                 46     0         0      
       _lock.obj                     20     0         16     
       args_main.obj                 24     0         0      
       s_copysign.obj                20     0         0      
       strlen.obj                    20     0         0      
       copy_decompress_none.obj      14     0         0      
       errno.obj                     0      0         8      
       stkdepth_vars.obj             0      0         8      
       pre_init.obj                  4      0         0      
       mpu_init.obj                  2      0         0      
       startup.obj                   2      0         0      
    +--+-----------------------------+------+---------+---------+
       Total:                        5298   48        56     
                                                             
       Stack:                        0      0         1024   
       Linker Generated:             0      38        0      
    +--+-----------------------------+------+---------+---------+
       Grand Total:                  7912   344       1120   


LINKER GENERATED COPY TABLES

__TI_cinit_table @ 00002040 records: 1, size/record: 8, table size: 8
	.data: load addr=00002020, load size=00000016 bytes, run addr=20000000, run size=00000030 bytes, compression=lzss


LINKER GENERATED HANDLER TABLE

__TI_handler_table @ 00002038 records: 2, size/record: 4, table size: 8
	index: 0, handler: __TI_decompress_lzss
	index: 1, handler: __TI_decompress_none


GLOBAL SYMBOLS: SORTED ALPHABETICALLY BY Name 

address   name                           
-------   ----                           
0000129f  ADC14_IRQHandler               
0000129f  ADC14_IRQHandler               
00001fcb  AES256_IRQHandler              
00001fcb  BusFault_Handler               
20000000  ButtonEnter                    
00001e55  C$$EXIT                        
00001fcb  COMP_E0_IRQHandler             
00001fcb  COMP_E1_IRQHandler             
00001fcb  CS_IRQHandler                  
00001fcb  DMA_ERR_IRQHandler             
00001fcb  DMA_INT0_IRQHandler            
00001fcb  DMA_INT1_IRQHandler            
00001fcb  DMA_INT2_IRQHandler            
00001fcb  DMA_INT3_IRQHandler            
00001fcb  DebugMon_Handler               
00001fcb  Default_Handler                
00001fcb  EUSCIA0_IRQHandler             
00001fcb  EUSCIA1_IRQHandler             
00001fcb  EUSCIA2_IRQHandler             
00001fcb  EUSCIA3_IRQHandler             
00001fcb  EUSCIB0_IRQHandler             
00001fcb  EUSCIB1_IRQHandler             
00001fcb  EUSCIB2_IRQHandler             
00001fcb  EUSCIB3_IRQHandler             
00001fcb  FLCTL_IRQHandler               
00001fcb  FPU_IRQHandler                 
00000c2f  FloatReverse                   
00001fcb  HardFault_Handler              
00001fcb  MemManage_Handler              
00001fcb  NMI_Handler                    
00001fcb  PCM_IRQHandler                 
00001fcb  PORT1_IRQHandler               
00001fcb  PORT2_IRQHandler               
00001fcb  PORT3_IRQHandler               
00001fcb  PORT4_IRQHandler               
00001fcb  PORT5_IRQHandler               
00001fcb  PORT6_IRQHandler               
00001fcb  PSS_IRQHandler                 
00001fcb  PendSV_Handler                 
00001fcb  RTC_C_IRQHandler               
00001fbf  Reset_Handler                  
UNDEFED   SHT$$INIT_ARRAY$$Base          
UNDEFED   SHT$$INIT_ARRAY$$Limit         
00001fcb  SVC_Handler                    
00001fcb  SysTick_Handler                
2000002c  SystemCoreClock                
00000dc1  SystemCoreClockUpdate          
00001035  SystemInit                     
00001fcb  T32_INT1_IRQHandler            
00001fcb  T32_INT2_IRQHandler            
00001fcb  T32_INTC_IRQHandler            
00001fcb  TA0_0_IRQHandler               
00001fcb  TA0_N_IRQHandler               
00001fcb  TA1_0_IRQHandler               
00001fcb  TA1_N_IRQHandler               
00001fcb  TA2_0_IRQHandler               
00001fcb  TA2_N_IRQHandler               
00001fcb  TA3_0_IRQHandler               
00001fcb  TA3_N_IRQHandler               
00000b13  UART_Configure                 
00000ac7  UART_send_byte                 
00000ae3  UART_send_n                    
00001fcb  UsageFault_Handler             
4000480c  WDTCTL_SYM                     
00001fcb  WDT_A_IRQHandler               
20000004  X_NADC                         
20000008  Y_NADC                         
2000000c  Z_NADC                         
20010000  __STACK_END                    
00000200  __STACK_SIZE                   
00002040  __TI_CINIT_Base                
00002048  __TI_CINIT_Limit               
00002038  __TI_Handler_Table_Base        
00002040  __TI_Handler_Table_Limit       
00001cb9  __TI_auto_init                 
20000010  __TI_cleanup_ptr               
00001d97  __TI_decompress_lzss           
00001fb1  __TI_decompress_none           
20000014  __TI_dtors_ptr                 
20000018  __TI_enable_exit_profile_output
ffffffff  __TI_pprof_out_hndl            
ffffffff  __TI_prof_data_size            
ffffffff  __TI_prof_data_start           
00000000  __TI_static_base__             
00001bad  __aeabi_cdcmpeq                
00001bad  __aeabi_cdcmple                
00001c33  __aeabi_cdrcmple               
00001d29  __aeabi_d2f                    
000013bb  __aeabi_dadd                   
000016d9  __aeabi_ddiv                   
00001919  __aeabi_dmul                   
000013b1  __aeabi_dsub                   
00001ef5  __aeabi_f2d                    
00001f2d  __aeabi_i2d                    
00001b11  __aeabi_memcpy                 
00001b11  __aeabi_memcpy4                
00001b11  __aeabi_memcpy8                
ffffffff  __binit__                      
ffffffff  __c_args__                     
00001567  __mpu_init                     
2000fe00  __stack                        
00001f5d  _args_main                     
00001e01  _c_int00                       
2000001c  _lock                          
00001f83  _nop                           
00001f7b  _register_lock                 
00001f75  _register_unlock               
0000180f  _system_post_cinit             
00001fcd  _system_pre_init               
20000020  _unlock                        
00001e59  abort                          
ffffffff  binit                          
00001181  config_ADC_Accel               
00001119  configure_ADC                  
00000a91  configure_clocks               
00001ea9  copy_in                        
00001f89  copysign                       
00001f89  copysignl                      
20000024  errno                          
00001e61  exit                           
00000cf9  ftoa                           
00000c7f  intToStr                       
00000000  interruptVectors               
00000bcd  itoa                           
00001a15  ldexp                          
00001a15  ldexpl                         
00001811  main                           
20000028  main_func_sp                   
00001b11  memcpy                         
000000e5  pow                            
000000e5  powl                           
00000b77  reverse                        
00001a15  scalbn                         
00001a15  scalbnl                        
00001569  sqrt                           
00001569  sqrtl                          
00001f9d  strlen                         


GLOBAL SYMBOLS: SORTED BY Symbol Address 

address   name                           
-------   ----                           
00000000  __TI_static_base__             
00000000  interruptVectors               
000000e5  pow                            
000000e5  powl                           
00000200  __STACK_SIZE                   
00000a91  configure_clocks               
00000ac7  UART_send_byte                 
00000ae3  UART_send_n                    
00000b13  UART_Configure                 
00000b77  reverse                        
00000bcd  itoa                           
00000c2f  FloatReverse                   
00000c7f  intToStr                       
00000cf9  ftoa                           
00000dc1  SystemCoreClockUpdate          
00001035  SystemInit                     
00001119  configure_ADC                  
00001181  config_ADC_Accel               
0000129f  ADC14_IRQHandler               
0000129f  ADC14_IRQHandler               
000013b1  __aeabi_dsub                   
000013bb  __aeabi_dadd                   
00001567  __mpu_init                     
00001569  sqrt                           
00001569  sqrtl                          
000016d9  __aeabi_ddiv                   
0000180f  _system_post_cinit             
00001811  main                           
00001919  __aeabi_dmul                   
00001a15  ldexp                          
00001a15  ldexpl                         
00001a15  scalbn                         
00001a15  scalbnl                        
00001b11  __aeabi_memcpy                 
00001b11  __aeabi_memcpy4                
00001b11  __aeabi_memcpy8                
00001b11  memcpy                         
00001bad  __aeabi_cdcmpeq                
00001bad  __aeabi_cdcmple                
00001c33  __aeabi_cdrcmple               
00001cb9  __TI_auto_init                 
00001d29  __aeabi_d2f                    
00001d97  __TI_decompress_lzss           
00001e01  _c_int00                       
00001e55  C$$EXIT                        
00001e59  abort                          
00001e61  exit                           
00001ea9  copy_in                        
00001ef5  __aeabi_f2d                    
00001f2d  __aeabi_i2d                    
00001f5d  _args_main                     
00001f75  _register_unlock               
00001f7b  _register_lock                 
00001f83  _nop                           
00001f89  copysign                       
00001f89  copysignl                      
00001f9d  strlen                         
00001fb1  __TI_decompress_none           
00001fbf  Reset_Handler                  
00001fcb  AES256_IRQHandler              
00001fcb  BusFault_Handler               
00001fcb  COMP_E0_IRQHandler             
00001fcb  COMP_E1_IRQHandler             
00001fcb  CS_IRQHandler                  
00001fcb  DMA_ERR_IRQHandler             
00001fcb  DMA_INT0_IRQHandler            
00001fcb  DMA_INT1_IRQHandler            
00001fcb  DMA_INT2_IRQHandler            
00001fcb  DMA_INT3_IRQHandler            
00001fcb  DebugMon_Handler               
00001fcb  Default_Handler                
00001fcb  EUSCIA0_IRQHandler             
00001fcb  EUSCIA1_IRQHandler             
00001fcb  EUSCIA2_IRQHandler             
00001fcb  EUSCIA3_IRQHandler             
00001fcb  EUSCIB0_IRQHandler             
00001fcb  EUSCIB1_IRQHandler             
00001fcb  EUSCIB2_IRQHandler             
00001fcb  EUSCIB3_IRQHandler             
00001fcb  FLCTL_IRQHandler               
00001fcb  FPU_IRQHandler                 
00001fcb  HardFault_Handler              
00001fcb  MemManage_Handler              
00001fcb  NMI_Handler                    
00001fcb  PCM_IRQHandler                 
00001fcb  PORT1_IRQHandler               
00001fcb  PORT2_IRQHandler               
00001fcb  PORT3_IRQHandler               
00001fcb  PORT4_IRQHandler               
00001fcb  PORT5_IRQHandler               
00001fcb  PORT6_IRQHandler               
00001fcb  PSS_IRQHandler                 
00001fcb  PendSV_Handler                 
00001fcb  RTC_C_IRQHandler               
00001fcb  SVC_Handler                    
00001fcb  SysTick_Handler                
00001fcb  T32_INT1_IRQHandler            
00001fcb  T32_INT2_IRQHandler            
00001fcb  T32_INTC_IRQHandler            
00001fcb  TA0_0_IRQHandler               
00001fcb  TA0_N_IRQHandler               
00001fcb  TA1_0_IRQHandler               
00001fcb  TA1_N_IRQHandler               
00001fcb  TA2_0_IRQHandler               
00001fcb  TA2_N_IRQHandler               
00001fcb  TA3_0_IRQHandler               
00001fcb  TA3_N_IRQHandler               
00001fcb  UsageFault_Handler             
00001fcb  WDT_A_IRQHandler               
00001fcd  _system_pre_init               
00002038  __TI_Handler_Table_Base        
00002040  __TI_CINIT_Base                
00002040  __TI_Handler_Table_Limit       
00002048  __TI_CINIT_Limit               
20000000  ButtonEnter                    
20000004  X_NADC                         
20000008  Y_NADC                         
2000000c  Z_NADC                         
20000010  __TI_cleanup_ptr               
20000014  __TI_dtors_ptr                 
20000018  __TI_enable_exit_profile_output
2000001c  _lock                          
20000020  _unlock                        
20000024  errno                          
20000028  main_func_sp                   
2000002c  SystemCoreClock                
2000fe00  __stack                        
20010000  __STACK_END                    
4000480c  WDTCTL_SYM                     
ffffffff  __TI_pprof_out_hndl            
ffffffff  __TI_prof_data_size            
ffffffff  __TI_prof_data_start           
ffffffff  __binit__                      
ffffffff  __c_args__                     
ffffffff  binit                          
UNDEFED   SHT$$INIT_ARRAY$$Base          
UNDEFED   SHT$$INIT_ARRAY$$Limit         

[137 symbols]
