******************************************************************************
                  TI ARM Linker Unix v16.9.3                   
******************************************************************************
>> Linked Tue Oct 24 04:00:37 2017

OUTPUT FILE NAME:   <LAB42.out>
ENTRY POINT SYMBOL: "_c_int00"  address: 000027e9


MEMORY CONFIGURATION

         name            origin    length      used     unused   attr    fill
----------------------  --------  ---------  --------  --------  ----  --------
  MAIN                  00000000   00040000  00002a64  0003d59c  R  X
  INFO                  00200000   00004000  00000000  00004000  R  X
  SRAM_CODE             01000000   00010000  00000658  0000f9a8  RW X
  SRAM_DATA             20000000   00010000  00000658  0000f9a8  RW  


SEGMENT ALLOCATION MAP

run origin  load origin   length   init length attrs members
----------  ----------- ---------- ----------- ----- -------
00000000    00000000    00002a68   00002a68    r-x
  00000000    00000000    000000e4   000000e4    r-- .intvecs
  000000e4    000000e4    00002900   00002900    r-x .text
  000029e8    000029e8    00000030   00000030    r-- .const
  00002a18    00002a18    00000050   00000050    r-- .cinit
20000000    20000000    00000458   00000000    rw-
  20000000    20000000    00000400   00000000    rw- .sysmem
  20000400    20000400    00000040   00000000    rw- .data
  20000440    20000440    00000018   00000000    rw- .bss
2000fe00    2000fe00    00000200   00000000    rw-
  2000fe00    2000fe00    00000200   00000000    rw- .stack


SECTION ALLOCATION MAP

 output                                  attributes/
section   page    origin      length       input sections
--------  ----  ----------  ----------   ----------------
.intvecs   0    00000000    000000e4     
                  00000000    000000e4     startup_msp432p401r_ccs.obj (.intvecs:retain)

.text      0    000000e4    00002900     
                  000000e4    000009ac     rtsv7M4_T_le_v4SPD16_eabi.lib : e_pow.obj (.text)
                  00000a90    000003d0                                   : memory.obj (.text)
                  00000e60    00000370     uart.obj (.text)
                  000011d0    00000338     circ_buffer_basic.obj (.text)
                  00001508    0000032c     system_msp432p401r.obj (.text)
                  00001834    00000268     adc_driver.obj (.text)
                  00001a9c    000001b6     rtsv7M4_T_le_v4SPD16_eabi.lib : fd_add_t2.obj (.text)
                  00001c52    00000002                                   : mpu_init.obj (.text)
                  00001c54    00000170                                   : e_sqrt.obj (.text)
                  00001dc4    00000160     lab4.obj (.text)
                  00001f24    00000136     rtsv7M4_T_le_v4SPD16_eabi.lib : fd_div_t2.obj (.text)
                  0000205a    00000002                                   : startup.obj (.text)
                  0000205c    0000012c     main.obj (.text)
                  00002188    000000fc     rtsv7M4_T_le_v4SPD16_eabi.lib : fd_mul_t2.obj (.text)
                  00002284    000000fc                                   : s_scalbn.obj (.text)
                  00002380    000000fc     timer.obj (.text)
                  0000247c    0000009c     rtsv7M4_T_le_v4SPD16_eabi.lib : memcpy_t2.obj (.text)
                  00002518    00000086                                   : fd_cmp_t2.obj (.text:__aeabi_cdcmple)
                  0000259e    00000086                                   : fd_cmp_t2.obj (.text:__aeabi_cdrcmple)
                  00002624    0000007a                                   : memset_t2.obj (.text)
                  0000269e    00000002     --HOLE-- [fill = 0]
                  000026a0    00000070                                   : autoinit.obj (.text)
                  00002710    0000006e                                   : fd_tos_t2.obj (.text)
                  0000277e    00000068                                   : copy_decompress_lzss.obj (.text:decompress:lzss)
                  000027e6    00000002     --HOLE-- [fill = 0]
                  000027e8    00000054                                   : boot.obj (.text)
                  0000283c    00000054                                   : exit.obj (.text)
                  00002890    0000004c                                   : cpy_tbl.obj (.text)
                  000028dc    00000038                                   : fs_tod_t2.obj (.text)
                  00002914    0000002e                                   : i_tofd_t2.obj (.text)
                  00002942    00000020                                   : u_tofd_t2.obj (.text)
                  00002962    00000002     --HOLE-- [fill = 0]
                  00002964    00000018                                   : args_main.obj (.text)
                  0000297c    00000014                                   : _lock.obj (.text)
                  00002990    00000014                                   : s_copysign.obj (.text)
                  000029a4    00000014                                   : strlen.obj (.text)
                  000029b8    0000000e                                   : copy_decompress_none.obj (.text:decompress:none)
                  000029c6    0000000e     startup_msp432p401r_ccs.obj (.text)
                  000029d4    0000000c     rtsv7M4_T_le_v4SPD16_eabi.lib : copy_zero_init.obj (.text:decompress:ZI)
                  000029e0    00000004                                   : pre_init.obj (.text)

.const     0    000029e8    00000030     
                  000029e8    00000030     rtsv7M4_T_le_v4SPD16_eabi.lib : e_pow.obj (.const:$O1$$)

.cinit     0    00002a18    00000050     
                  00002a18    00000026     (.cinit..data.load) [load image, compression = lzss]
                  00002a3e    00000002     --HOLE-- [fill = 0]
                  00002a40    0000000c     (__TI_handler_table)
                  00002a4c    00000004     --HOLE-- [fill = 0]
                  00002a50    00000008     (.cinit..bss.load) [load image, compression = zero_init]
                  00002a58    00000010     (__TI_cinit_table)

.init_array 
*          0    00000000    00000000     UNINITIALIZED

.binit     0    00000000    00000000     

.sysmem    0    20000000    00000400     UNINITIALIZED
                  20000000    00000008     rtsv7M4_T_le_v4SPD16_eabi.lib : memory.obj (.sysmem)
                  20000008    000003f8     --HOLE--

.data      0    20000400    00000040     UNINITIALIZED
                  20000400    00000014     main.obj (.data)
                  20000414    0000000c     rtsv7M4_T_le_v4SPD16_eabi.lib : exit.obj (.data:$O1$$)
                  20000420    0000000c                                   : memory.obj (.data:$O1$$)
                  2000042c    00000008                                   : _lock.obj (.data:$O1$$)
                  20000434    00000004                                   : errno.obj (.data)
                  20000438    00000004                                   : stkdepth_vars.obj (.data)
                  2000043c    00000004     system_msp432p401r.obj (.data)

.bss       0    20000440    00000018     UNINITIALIZED
                  20000440    00000018     (.common:myBuffer)

.stack     0    2000fe00    00000200     UNINITIALIZED
                  2000fe00    00000200     --HOLE--

MODULE SUMMARY

       Module                        code    ro data   rw data
       ------                        ----    -------   -------
    ./
       uart.obj                      880     0         0      
       circ_buffer_basic.obj         824     0         0      
       system_msp432p401r.obj        812     0         8      
       adc_driver.obj                616     0         0      
       main.obj                      300     0         88     
       lab4.obj                      352     0         0      
       timer.obj                     252     0         0      
       startup_msp432p401r_ccs.obj   14      228       0      
    +--+-----------------------------+-------+---------+---------+
       Total:                        4050    228       96     
                                                              
    /Applications/ti/ccsv7/tools/compiler/ti-cgt-arm_16.9.3.LTS/lib/rtsv7M4_T_le_v4SPD16_eabi.lib
       e_pow.obj                     2476    48        0      
       memory.obj                    976     0         24     
       fd_add_t2.obj                 438     0         0      
       e_sqrt.obj                    368     0         0      
       fd_div_t2.obj                 310     0         0      
       fd_cmp_t2.obj                 268     0         0      
       fd_mul_t2.obj                 252     0         0      
       s_scalbn.obj                  252     0         0      
       memcpy_t2.obj                 156     0         0      
       memset_t2.obj                 122     0         0      
       autoinit.obj                  112     0         0      
       fd_tos_t2.obj                 110     0         0      
       exit.obj                      84      0         24     
       copy_decompress_lzss.obj      104     0         0      
       boot.obj                      84      0         0      
       cpy_tbl.obj                   76      0         0      
       fs_tod_t2.obj                 56      0         0      
       i_tofd_t2.obj                 46      0         0      
       _lock.obj                     20      0         16     
       u_tofd_t2.obj                 32      0         0      
       args_main.obj                 24      0         0      
       s_copysign.obj                20      0         0      
       strlen.obj                    20      0         0      
       copy_decompress_none.obj      14      0         0      
       copy_zero_init.obj            12      0         0      
       errno.obj                     0       0         8      
       stkdepth_vars.obj             0       0         8      
       pre_init.obj                  4       0         0      
       mpu_init.obj                  2       0         0      
       startup.obj                   2       0         0      
    +--+-----------------------------+-------+---------+---------+
       Total:                        6440    48        80     
                                                              
       Heap:                         0       0         2048   
       Stack:                        0       0         1024   
       Linker Generated:             0       74        0      
    +--+-----------------------------+-------+---------+---------+
       Grand Total:                  10490   350       3248   


LINKER GENERATED COPY TABLES

__TI_cinit_table @ 00002a58 records: 2, size/record: 8, table size: 16
	.data: load addr=00002a18, load size=00000026 bytes, run addr=20000400, run size=00000040 bytes, compression=lzss
	.bss: load addr=00002a50, load size=00000008 bytes, run addr=20000440, run size=00000018 bytes, compression=zero_init


LINKER GENERATED HANDLER TABLE

__TI_handler_table @ 00002a40 records: 3, size/record: 4, table size: 12
	index: 0, handler: __TI_decompress_lzss
	index: 1, handler: __TI_decompress_none
	index: 2, handler: __TI_zero_init


GLOBAL SYMBOLS: SORTED ALPHABETICALLY BY Name 

address   name                           
-------   ----                           
000019eb  ADC14_IRQHandler               
000019eb  ADC14_IRQHandler               
00001861  ADC_CONFIG                     
000018b3  ADC_CONFIG_Accelerometer       
0000194f  ADC_CONFIG_Joystick            
000029d3  AES256_IRQHandler              
000029d3  BusFault_Handler               
20000408  ButtonEnter                    
00001e63  Button_Interrupt_Config        
0000283d  C$$EXIT                        
000029d3  COMP_E0_IRQHandler             
000029d3  COMP_E1_IRQHandler             
000029d3  CS_IRQHandler                  
20000401  Calculate_Stats                
000029d3  DMA_ERR_IRQHandler             
000029d3  DMA_INT0_IRQHandler            
000029d3  DMA_INT1_IRQHandler            
000029d3  DMA_INT2_IRQHandler            
000029d3  DMA_INT3_IRQHandler            
000029d3  DebugMon_Handler               
000029d3  Default_Handler                
00001149  EUSCIA0_IRQHandler             
00001149  EUSCIA0_IRQHandler             
000029d3  EUSCIA1_IRQHandler             
000029d3  EUSCIA2_IRQHandler             
000029d3  EUSCIA3_IRQHandler             
000029d3  EUSCIB0_IRQHandler             
000029d3  EUSCIB1_IRQHandler             
000029d3  EUSCIB2_IRQHandler             
000029d3  EUSCIB3_IRQHandler             
20000400  FLAG_Collect_Data              
000029d3  FLCTL_IRQHandler               
000029d3  FPU_IRQHandler                 
000029d3  HardFault_Handler              
000029d3  MemManage_Handler              
20000412  NADC_Temperature               
000029d3  NMI_Handler                    
000029d3  PCM_IRQHandler                 
00001ebd  PORT1_IRQHandler               
00001ebd  PORT1_IRQHandler               
000029d3  PORT2_IRQHandler               
000029d3  PORT3_IRQHandler               
000029d3  PORT4_IRQHandler               
000029d3  PORT5_IRQHandler               
000029d3  PORT6_IRQHandler               
000029d3  PSS_IRQHandler                 
000029d3  PendSV_Handler                 
000029d3  RTC_C_IRQHandler               
000029c7  Reset_Handler                  
UNDEFED   SHT$$INIT_ARRAY$$Base          
UNDEFED   SHT$$INIT_ARRAY$$Limit         
000029d3  SVC_Handler                    
000029d3  SysTick_Handler                
2000043c  SystemCoreClock                
00001509  SystemCoreClockUpdate          
0000177d  SystemInit                     
000029d3  T32_INT1_IRQHandler            
000029d3  T32_INT2_IRQHandler            
000029d3  T32_INTC_IRQHandler            
000023eb  TA0_0_IRQHandler               
000023eb  TA0_0_IRQHandler               
0000241b  TA0_N_IRQHandler               
0000241b  TA0_N_IRQHandler               
000029d3  TA1_0_IRQHandler               
000029d3  TA1_N_IRQHandler               
000029d3  TA2_0_IRQHandler               
000029d3  TA2_N_IRQHandler               
000029d3  TA3_0_IRQHandler               
000029d3  TA3_N_IRQHandler               
00000e97  UART_config                    
00000f0f  UART_putchar                   
00000f2b  UART_putchar_n                 
000029d3  UsageFault_Handler             
4000480c  WDTCTL_SYM                     
000029d3  WDT_A_IRQHandler               
2000040c  X_ADC                          
2000040e  Y_ADC                          
20000410  Z_ADC                          
20010000  __STACK_END                    
00000200  __STACK_SIZE                   
00000400  __SYSMEM_SIZE                  
00002a58  __TI_CINIT_Base                
00002a68  __TI_CINIT_Limit               
00002a40  __TI_Handler_Table_Base        
00002a4c  __TI_Handler_Table_Limit       
000026a1  __TI_auto_init                 
20000414  __TI_cleanup_ptr               
0000277f  __TI_decompress_lzss           
000029b9  __TI_decompress_none           
20000418  __TI_dtors_ptr                 
2000041c  __TI_enable_exit_profile_output
ffffffff  __TI_pprof_out_hndl            
ffffffff  __TI_prof_data_size            
ffffffff  __TI_prof_data_start           
00000000  __TI_static_base__             
000029d5  __TI_zero_init                 
00002519  __aeabi_cdcmpeq                
00002519  __aeabi_cdcmple                
0000259f  __aeabi_cdrcmple               
00002711  __aeabi_d2f                    
00001aa7  __aeabi_dadd                   
00001f25  __aeabi_ddiv                   
00002189  __aeabi_dmul                   
00001a9d  __aeabi_dsub                   
000028dd  __aeabi_f2d                    
00002915  __aeabi_i2d                    
00002625  __aeabi_memclr                 
00002625  __aeabi_memclr4                
00002625  __aeabi_memclr8                
0000247d  __aeabi_memcpy                 
0000247d  __aeabi_memcpy4                
0000247d  __aeabi_memcpy8                
00002627  __aeabi_memset                 
00002627  __aeabi_memset4                
00002627  __aeabi_memset8                
00002943  __aeabi_ui2d                   
ffffffff  __binit__                      
ffffffff  __c_args__                     
00001c53  __mpu_init                     
2000fe00  __stack                        
00002965  _args_main                     
000027e9  _c_int00                       
2000042c  _lock                          
0000298b  _nop                           
00002983  _register_lock                 
0000297d  _register_unlock               
20000000  _sys_memory                    
0000205b  _system_post_cinit             
000029e1  _system_pre_init               
20000430  _unlock                        
00002841  abort                          
00001225  add_To_Buffer                  
ffffffff  binit                          
00000e31  calloc                         
0000146b  clear_Buffer                   
00000e61  configure_clocks               
00002891  copy_in                        
00002991  copysign                       
00002991  copysignl                      
000013ad  currentSize                    
20000434  errno                          
00002849  exit                           
00000b7b  free                           
00001095  ftoa                           
000011d1  initialize_Circ_Buffer         
00000fc1  intToStr                       
00000000  interruptVectors               
00001395  is_Circ_Buf_Empty              
00001375  is_Circ_Buf_Full               
0000102b  itoa                           
00002285  ldexp                          
00002285  ldexpl                         
0000205d  main                           
20000438  main_func_sp                   
00000b11  malloc                         
00000d45  memalign                       
0000247d  memcpy                         
0000262d  memset                         
00000a91  minit                          
20000440  myBuffer                       
20000404  myBufferPTR                    
000000e5  pow                            
000000e5  powl                           
000013bd  print                          
00000c3d  realloc                        
000012b1  remove_From_Buffer             
00000f6f  reverse                        
00002285  scalbn                         
00002285  scalbnl                        
00001c55  sqrt                           
00001c55  sqrtl                          
000029a5  strlen                         
000023ad  timer_a0_config                
00001df1  voltage_from_ADC               


GLOBAL SYMBOLS: SORTED BY Symbol Address 

address   name                           
-------   ----                           
00000000  __TI_static_base__             
00000000  interruptVectors               
000000e5  pow                            
000000e5  powl                           
00000200  __STACK_SIZE                   
00000400  __SYSMEM_SIZE                  
00000a91  minit                          
00000b11  malloc                         
00000b7b  free                           
00000c3d  realloc                        
00000d45  memalign                       
00000e31  calloc                         
00000e61  configure_clocks               
00000e97  UART_config                    
00000f0f  UART_putchar                   
00000f2b  UART_putchar_n                 
00000f6f  reverse                        
00000fc1  intToStr                       
0000102b  itoa                           
00001095  ftoa                           
00001149  EUSCIA0_IRQHandler             
00001149  EUSCIA0_IRQHandler             
000011d1  initialize_Circ_Buffer         
00001225  add_To_Buffer                  
000012b1  remove_From_Buffer             
00001375  is_Circ_Buf_Full               
00001395  is_Circ_Buf_Empty              
000013ad  currentSize                    
000013bd  print                          
0000146b  clear_Buffer                   
00001509  SystemCoreClockUpdate          
0000177d  SystemInit                     
00001861  ADC_CONFIG                     
000018b3  ADC_CONFIG_Accelerometer       
0000194f  ADC_CONFIG_Joystick            
000019eb  ADC14_IRQHandler               
000019eb  ADC14_IRQHandler               
00001a9d  __aeabi_dsub                   
00001aa7  __aeabi_dadd                   
00001c53  __mpu_init                     
00001c55  sqrt                           
00001c55  sqrtl                          
00001df1  voltage_from_ADC               
00001e63  Button_Interrupt_Config        
00001ebd  PORT1_IRQHandler               
00001ebd  PORT1_IRQHandler               
00001f25  __aeabi_ddiv                   
0000205b  _system_post_cinit             
0000205d  main                           
00002189  __aeabi_dmul                   
00002285  ldexp                          
00002285  ldexpl                         
00002285  scalbn                         
00002285  scalbnl                        
000023ad  timer_a0_config                
000023eb  TA0_0_IRQHandler               
000023eb  TA0_0_IRQHandler               
0000241b  TA0_N_IRQHandler               
0000241b  TA0_N_IRQHandler               
0000247d  __aeabi_memcpy                 
0000247d  __aeabi_memcpy4                
0000247d  __aeabi_memcpy8                
0000247d  memcpy                         
00002519  __aeabi_cdcmpeq                
00002519  __aeabi_cdcmple                
0000259f  __aeabi_cdrcmple               
00002625  __aeabi_memclr                 
00002625  __aeabi_memclr4                
00002625  __aeabi_memclr8                
00002627  __aeabi_memset                 
00002627  __aeabi_memset4                
00002627  __aeabi_memset8                
0000262d  memset                         
000026a1  __TI_auto_init                 
00002711  __aeabi_d2f                    
0000277f  __TI_decompress_lzss           
000027e9  _c_int00                       
0000283d  C$$EXIT                        
00002841  abort                          
00002849  exit                           
00002891  copy_in                        
000028dd  __aeabi_f2d                    
00002915  __aeabi_i2d                    
00002943  __aeabi_ui2d                   
00002965  _args_main                     
0000297d  _register_unlock               
00002983  _register_lock                 
0000298b  _nop                           
00002991  copysign                       
00002991  copysignl                      
000029a5  strlen                         
000029b9  __TI_decompress_none           
000029c7  Reset_Handler                  
000029d3  AES256_IRQHandler              
000029d3  BusFault_Handler               
000029d3  COMP_E0_IRQHandler             
000029d3  COMP_E1_IRQHandler             
000029d3  CS_IRQHandler                  
000029d3  DMA_ERR_IRQHandler             
000029d3  DMA_INT0_IRQHandler            
000029d3  DMA_INT1_IRQHandler            
000029d3  DMA_INT2_IRQHandler            
000029d3  DMA_INT3_IRQHandler            
000029d3  DebugMon_Handler               
000029d3  Default_Handler                
000029d3  EUSCIA1_IRQHandler             
000029d3  EUSCIA2_IRQHandler             
000029d3  EUSCIA3_IRQHandler             
000029d3  EUSCIB0_IRQHandler             
000029d3  EUSCIB1_IRQHandler             
000029d3  EUSCIB2_IRQHandler             
000029d3  EUSCIB3_IRQHandler             
000029d3  FLCTL_IRQHandler               
000029d3  FPU_IRQHandler                 
000029d3  HardFault_Handler              
000029d3  MemManage_Handler              
000029d3  NMI_Handler                    
000029d3  PCM_IRQHandler                 
000029d3  PORT2_IRQHandler               
000029d3  PORT3_IRQHandler               
000029d3  PORT4_IRQHandler               
000029d3  PORT5_IRQHandler               
000029d3  PORT6_IRQHandler               
000029d3  PSS_IRQHandler                 
000029d3  PendSV_Handler                 
000029d3  RTC_C_IRQHandler               
000029d3  SVC_Handler                    
000029d3  SysTick_Handler                
000029d3  T32_INT1_IRQHandler            
000029d3  T32_INT2_IRQHandler            
000029d3  T32_INTC_IRQHandler            
000029d3  TA1_0_IRQHandler               
000029d3  TA1_N_IRQHandler               
000029d3  TA2_0_IRQHandler               
000029d3  TA2_N_IRQHandler               
000029d3  TA3_0_IRQHandler               
000029d3  TA3_N_IRQHandler               
000029d3  UsageFault_Handler             
000029d3  WDT_A_IRQHandler               
000029d5  __TI_zero_init                 
000029e1  _system_pre_init               
00002a40  __TI_Handler_Table_Base        
00002a4c  __TI_Handler_Table_Limit       
00002a58  __TI_CINIT_Base                
00002a68  __TI_CINIT_Limit               
20000000  _sys_memory                    
20000400  FLAG_Collect_Data              
20000401  Calculate_Stats                
20000404  myBufferPTR                    
20000408  ButtonEnter                    
2000040c  X_ADC                          
2000040e  Y_ADC                          
20000410  Z_ADC                          
20000412  NADC_Temperature               
20000414  __TI_cleanup_ptr               
20000418  __TI_dtors_ptr                 
2000041c  __TI_enable_exit_profile_output
2000042c  _lock                          
20000430  _unlock                        
20000434  errno                          
20000438  main_func_sp                   
2000043c  SystemCoreClock                
20000440  myBuffer                       
2000fe00  __stack                        
20010000  __STACK_END                    
4000480c  WDTCTL_SYM                     
ffffffff  __TI_pprof_out_hndl            
ffffffff  __TI_prof_data_size            
ffffffff  __TI_prof_data_start           
ffffffff  __binit__                      
ffffffff  __c_args__                     
ffffffff  binit                          
UNDEFED   SHT$$INIT_ARRAY$$Base          
UNDEFED   SHT$$INIT_ARRAY$$Limit         

[174 symbols]
